Acoustic Grand Piano; 

Bright Acoustic Piano; 

Electric Grand Piano; 

Honky Tonk Piano; 

Electric Piano 1; 

Electric Piano 2; 

Harpsichord; 

Clavinet; 

Celesta; 

Glockenspiel; 

Music Box; 

Vibraphone; 

Marimba; 

Xylophone; 

Tubular-Bell; 

Dulcimer; 

Hammond Organ; 

Percussive Organ; 

Rock Organ; 

Church Organ; 

Reed Organ; 

Accordion Fr; 

Harmonica; 

Tango Accordion; 

Guitarra de Nylon; 

Guitarra de Acero; 

Jazz Guitar; 

Clean Guitar; 

Muted Guitar; 

Overdrive Guitar; 

Distortion Guitar; 

Guitar Harmonics; 

Bajo ac£stico; 

Fingered Bass;  

Picked Bass; 

Fretless Bass; 

Slap Bass 1; 

Slap Bass 2; 

Synth Bass 1; 

Synth Bass 2; 

Viol¡n; 

Viola; 

Celo; 

ContraBajo; 

Tremolo strings; 

Pizzicato strings; 

Harpa; 

Timpani; 

Strings; 

Slow strings; 

Synth strings 1; 

Synth strings 2; 

Coro de Ahhs; 

Coro de Ohhs; 

SynVox; 

Orchesta Hit; 

Trompeta; 

Tromb¢n; 

Tuba; 

Trompeta muda; 

Cuerno Franc‚s; 

Brass 1; 

Synth Brass 1; 

Synth Brass 2; 

Saxo Soprano; 

Saxo Alto; 

Saxo Tenor; 

Saxo Baritono; 

Oboe; 

Cuerno Ingl‚s; 

Bassoon; 

Clarinete; 

Piccolo; 

Flauta; 

Recorder; 

Flauta de Pan; 

Bottle Blow; 

Shakuhachi; 

Whistle; 

Ocarina; 

Onda Cuadrada; 

Onda Diente de Sierra; 

Synth Caliope; 

Chiffer Lead; 

Charang; 

Solo Vox; 

5ths Saw Wave; 

Bass & Lead; 

Fantasia; 

Warm Pad; 

PolySynth; 

Voz Espacial; 

Bowed Glass; 

Metal Pad; 

Halo Pad; 

Sweep Pad; 

Ice Rain; 

Sound Track; 

Crystal; 

Atmosphere; 

Brightness; 

Goblin; 

Echo Drops; 

Star Theme; 

Sitar; 

Banjo; 

Shaimisen; 

Koto; 

Kalimba; 

Bag Pipe; 

Fiddle; 

Shannai; 

Tinkle Bell; 

Agogo; 

Steel Drums; 

Wood Block; 

Taiko; 

Melodick Tom 1; 

Synth Drum; 

Reversed Cymbal; 

Guitar Fret Noise; 

Breath Noise; 

Seashore; 

Bird; 

Telephone 1; 
